ARM Linker, 5.03 [Build 69] [MDK-ARM Professional]

==============================================================================

Section Cross References

    application.o(.text) refers to thread.o(.text) for rt_thread_create
    application.o(.text) refers to t_keyboard.o(.text) for rt_keyboard_init
    application.o(.text) refers to t_lcd_refresh.o(.text) for rt_thread_lcd_refresh_init
    application.o(.text) refers to t_emergency.o(.text) for rt_thread_emergency_init
    application.o(.text) refers to t_handle.o(.text) for rt_thread_handle_init
    application.o(.text) refers to y_handle.o(.text) for rt_thread_handle_Y_init
    application.o(.text) refers to t_auto.o(.text) for rt_thread_auto_init
    application.o(.text) refers to t_arm.o(.text) for rt_thread_arm_init
    application.o(.text) refers to t_fatfs.o(.text) for rt_thread_FATfs_init
    application.o(.text) refers to t_test.o(.text) for rt_thread_test_init
    application.o(.text) refers to t_timer.o(.text) for rt_thread_tim_init
    application.o(.text) refers to t_realspe.o(.text) for rt_thread_realspe_init
    application.o(.text) refers to mb.o(.text) for Mb_Key_Init
    application.o(.text) refers to mq.o(.text) for Mq_Sd_Init
    application.o(.text) refers to scheduler.o(.text) for rt_scheduler_sethook
    application.o(.text) refers to ff.o(.text) for f_mkdir
    application.o(.text) refers to hook.o(.text) for ttime_hook
    startup.o(.text) refers to kservice.o(.text) for rt_kprintf
    startup.o(.text) refers to lcd_keyboard.o(.text) for LCD_Clear
    startup.o(.text) refers to board.o(.text) for Delay_ms
    startup.o(.text) refers to clock.o(.text) for rt_system_tick_init
    startup.o(.text) refers to object.o(.text) for rt_system_object_init
    startup.o(.text) refers to timer.o(.text) for rt_system_timer_init
    startup.o(.text) refers to mem.o(.text) for rt_system_heap_init
    startup.o(.text) refers to scheduler.o(.text) for rt_system_scheduler_init
    startup.o(.text) refers to device.o(.text) for rt_device_init_all
    startup.o(.text) refers to application.o(.text) for rt_application_init
    startup.o(.text) refers to idle.o(.text) for rt_thread_idle_init
    startup.o(.text) refers to context_rvds.o(.text) for rt_hw_interrupt_disable
    mb.o(.text) refers to ipc.o(.text) for rt_mb_init
    mb.o(.text) refers to kservice.o(.text) for rt_kprintf
    mb.o(.text) refers to mb.o(.bss) for Mb_Key_pool
    mq.o(.text) refers to ipc.o(.text) for rt_mq_init
    mq.o(.text) refers to kservice.o(.text) for rt_kprintf
    mq.o(.text) refers to mq.o(.bss) for msg_pool
    t_lcd_refresh.o(.text) refers to usart.o(.text) for Com_SendByte
    t_lcd_refresh.o(.text) refers to board.o(.text) for Delay_ms
    t_lcd_refresh.o(.text) refers to dma.o(.text) for Dma_Out
    t_lcd_refresh.o(.text) refers to thread.o(.text) for rt_thread_init
    t_lcd_refresh.o(.text) refers to t_lcd_refresh.o(.bss) for LCD_Table
    t_keyboard.o(.text) refers to stm32f4xx_rcc.o(.text) for RCC_APB1PeriphClockCmd
    t_keyboard.o(.text) refers to stm32f4xx_tim.o(.text) for TIM_TimeBaseInit
    t_keyboard.o(.text) refers to keep.o(.text) for SetPole
    t_keyboard.o(.text) refers to camera.o(.text) for ChooseGround_Pole
    t_keyboard.o(.text) refers to ddiv.o(.text) for __aeabi_ddiv
    t_keyboard.o(.text) refers to dmul.o(.text) for __aeabi_dmul
    t_keyboard.o(.text) refers to dadd.o(.text) for __aeabi_dadd
    t_keyboard.o(.text) refers to fan.o(.text) for Fan_Set_Min
    t_keyboard.o(.text) refers to gyro.o(.text) for Gyro_CheckFloat
    t_keyboard.o(.text) refers to m_func.o(.text) for ShowMenuList
    t_keyboard.o(.text) refers to ipc.o(.text) for rt_mb_recv
    t_keyboard.o(.text) refers to thread.o(.text) for rt_thread_init
    t_keyboard.o(.text) refers to t_keyboard.o(.data) for wheel_r
    t_keyboard.o(.text) refers to mb.o(.bss) for Mb_Key
    t_keyboard.o(.text) refers to t_keyboard.o(.bss) for thread_keyboard_stack
    t_emergency.o(.text) refers to ipc.o(.text) for rt_mb_recv
    t_emergency.o(.text) refers to context_rvds.o(.text) for rt_hw_interrupt_disable
    t_emergency.o(.text) refers to mb.o(.text) for Mb_Arm_Init
    t_emergency.o(.text) refers to thread.o(.text) for rt_thread_detach
    t_emergency.o(.text) refers to t_keyboard.o(.text) for rt_keyboard_init
    t_emergency.o(.text) refers to t_handle.o(.text) for rt_thread_handle_init
    t_emergency.o(.text) refers to t_auto.o(.text) for rt_thread_auto_init
    t_emergency.o(.text) refers to t_arm.o(.text) for rt_thread_arm_init
    t_emergency.o(.text) refers to motor.o(.text) for Moto_Stop
    t_emergency.o(.text) refers to m_func.o(.text) for ShowMenuList
    t_emergency.o(.text) refers to mb.o(.bss) for Mb_Emergency
    t_emergency.o(.text) refers to t_keyboard.o(.bss) for thread_keyboard
    t_emergency.o(.text) refers to t_handle.o(.bss) for thread_handle
[...]
    rt_hw_context_switch_interrupt           0x0803120b   Thumb Code     0  context_rvds.o(.text)
    PendSV_Handler                           0x0803122b   Thumb Code   108  context_rvds.o(.text)
    rt_hw_context_switch_to                  0x08031297   Thumb Code    70  context_rvds.o(.text)
    rt_hw_interrupt_thread_switch            0x080312dd   Thumb Code     4  context_rvds.o(.text)
    HardFault_Handler                        0x080312e1   Thumb Code    20  context_rvds.o(.text)
    disk_initialize                          0x0803130d   Thumb Code    32  diskio.o(.text)
    disk_status                              0x0803132d   Thumb Code    34  diskio.o(.text)
    disk_read                                0x0803134f   Thumb Code    96  diskio.o(.text)
    disk_write                               0x080313af   Thumb Code   124  diskio.o(.text)
    disk_ioctl                               0x0803142b   Thumb Code   106  diskio.o(.text)
    get_fattime                              0x08031495   Thumb Code     4  diskio.o(.text)
    clust2sect                               0x0803164f   Thumb Code    26  ff.o(.text)
    get_fat                                  0x08031669   Thumb Code   228  ff.o(.text)
    put_fat                                  0x0803174d   Thumb Code   316  ff.o(.text)
    gen_numname                              0x08031d6d   Thumb Code   190  ff.o(.text)
    f_mount                                  0x08032aa9   Thumb Code    78  ff.o(.text)
    f_open                                   0x08032af7   Thumb Code   354  ff.o(.text)
    f_read                                   0x08032c59   Thumb Code   414  ff.o(.text)
    f_write                                  0x08032df7   Thumb Code   492  ff.o(.text)
    f_sync                                   0x08032fe3   Thumb Code   174  ff.o(.text)
    f_close                                  0x08033091   Thumb Code    22  ff.o(.text)
    f_chdir                                  0x080330a7   Thumb Code    88  ff.o(.text)
    f_getcwd                                 0x080330ff   Thumb Code   294  ff.o(.text)
    f_lseek                                  0x08033225   Thumb Code   382  ff.o(.text)
    f_opendir                                0x080333a3   Thumb Code   114  ff.o(.text)
    f_closedir                               0x08033415   Thumb Code    22  ff.o(.text)
    f_readdir                                0x0803342b   Thumb Code    92  ff.o(.text)
    f_stat                                   0x08033487   Thumb Code    70  ff.o(.text)
    f_getfree                                0x080334cd   Thumb Code   258  ff.o(.text)
    f_truncate                               0x080335cf   Thumb Code   184  ff.o(.text)
    f_unlink                                 0x08033687   Thumb Code   194  ff.o(.text)
    f_mkdir                                  0x08033749   Thumb Code   368  ff.o(.text)
    f_chmod                                  0x080338b9   Thumb Code   100  ff.o(.text)
    f_utime                                  0x0803391d   Thumb Code   102  ff.o(.text)
    f_rename                                 0x08033983   Thumb Code   298  ff.o(.text)
    f_mkfs                                   0x08033aad   Thumb Code  1594  ff.o(.text)
    f_gets                                   0x080340e7   Thumb Code    86  ff.o(.text)
    f_putc                                   0x0803418b   Thumb Code    64  ff.o(.text)
    f_puts                                   0x080341cb   Thumb Code    74  ff.o(.text)
    f_printf                                 0x08034215   Thumb Code   634  ff.o(.text)
    ff_convert                               0x08034491   Thumb Code   116  cc936.o(.text)
    ff_wtoupper                              0x08034505   Thumb Code    46  cc936.o(.text)
    motor_really                             0x08034545   Thumb Code    16  speed_test.o(.text)
    acc_set                                  0x08034555   Thumb Code    36  speed_test.o(.text)
    test_speed_x                             0x08034579   Thumb Code   442  speed_test.o(.text)
    test_speed_y                             0x08034733   Thumb Code   442  speed_test.o(.text)
    test_speed_xy                            0x080348ed   Thumb Code   786  speed_test.o(.text)
    Spe_Acc_get                              0x08034bff   Thumb Code  1602  speed_test.o(.text)
    __aeabi_uldivmod                         0x08035249   Thumb Code    98  uldiv.o(.text)
    __aeabi_memcpy                           0x080352ab   Thumb Code    36  memcpya.o(.text)
    __aeabi_memcpy4                          0x080352ab   Thumb Code     0  memcpya.o(.text)
    __aeabi_memcpy8                          0x080352ab   Thumb Code     0  memcpya.o(.text)
    __aeabi_memset                           0x080352cf   Thumb Code    14  memseta.o(.text)
    __aeabi_memset4                          0x080352cf   Thumb Code     0  memseta.o(.text)
    __aeabi_memset8                          0x080352cf   Thumb Code     0  memseta.o(.text)
    __aeabi_memclr                           0x080352dd   Thumb Code     4  memseta.o(.text)
    __aeabi_memclr4                          0x080352dd   Thumb Code     0  memseta.o(.text)
    __aeabi_memclr8                          0x080352dd   Thumb Code     0  memseta.o(.text)
    _memset$wrapper                          0x080352e1   Thumb Code    18  memseta.o(.text)
    strlen                                   0x080352f3   Thumb Code    14  strlen.o(.text)
    strcmp                                   0x08035301   Thumb Code    28  strcmp.o(.text)
    strcpy                                   0x0803531d   Thumb Code    18  strcpy.o(.text)
    strncmp                                  0x0803532f   Thumb Code    30  strncmp.o(.text)
    __aeabi_dadd                             0x0803534d   Thumb Code   322  dadd.o(.text)
    __aeabi_dsub                             0x0803548f   Thumb Code     6  dadd.o(.text)
    __aeabi_drsub                            0x08035495   Thumb Code     6  dadd.o(.text)
    __aeabi_dmul                             0x0803549b   Thumb Code   228  dmul.o(.text)
    __aeabi_ddiv                             0x0803557f   Thumb Code   222  ddiv.o(.text)
    __aeabi_i2d                              0x0803565d   Thumb Code    34  dflti.o(.text)
    __aeabi_ui2d                             0x0803567f   Thumb Code    26  dfltui.o(.text)
    __aeabi_l2d                              0x08035699   Thumb Code    40  dfltl.o(.text)
    __aeabi_ul2d                             0x080356c1   Thumb Code    24  dfltul.o(.text)
    __aeabi_d2iz                             0x080356d9   Thumb Code    62  dfixi.o(.text)
    __aeabi_d2uiz                            0x08035717   Thumb Code    50  dfixui.o(.text)
    __aeabi_d2lz                             0x08035749   Thumb Code    74  dfixl.o(.text)
    __aeabi_d2ulz                            0x08035793   Thumb Code    48  dfixul.o(.text)
    __aeabi_f2d                              0x080357c3   Thumb Code    38  f2d.o(.text)
    __aeabi_cdcmpeq                          0x080357e9   Thumb Code     0  cdcmple.o(.text)
    __aeabi_cdcmple                          0x080357e9   Thumb Code    38  cdcmple.o(.text)
    __aeabi_cdrcmple                         0x08035811   Thumb Code    38  cdrcmple.o(.text)
    __aeabi_d2f                              0x08035839   Thumb Code    56  d2f.o(.text)
    __aeabi_uidiv                            0x08035871   Thumb Code     0  uidiv.o(.text)
    __aeabi_uidivmod                         0x08035871   Thumb Code    44  uidiv.o(.text)
    __aeabi_llsl                             0x0803589d   Thumb Code    30  llshl.o(.text)
    _ll_shift_l                              0x0803589d   Thumb Code     0  llshl.o(.text)
    __aeabi_llsr                             0x080358bb   Thumb Code    32  llushr.o(.text)
    _ll_ushift_r                             0x080358bb   Thumb Code     0  llushr.o(.text)
    __aeabi_lasr                             0x080358db   Thumb Code    36  llsshr.o(.text)
    _ll_sshift_r                             0x080358db   Thumb Code     0  llsshr.o(.text)
    __I$use$fp                               0x080358ff   Thumb Code     0  iusefp.o(.text)
    _float_round                             0x080358ff   Thumb Code    18  fepilogue.o(.text)
    _float_epilogue                          0x08035911   Thumb Code    90  fepilogue.o(.text)
    _double_round                            0x0803596b   Thumb Code    26  depilogue.o(.text)
    _double_epilogue                         0x08035985   Thumb Code   164  depilogue.o(.text)
    __ARM_scalbn                             0x08035a29   Thumb Code    46  dscalb.o(.text)
    scalbn                                   0x08035a29   Thumb Code     0  dscalb.o(.text)
    _dsqrt                                   0x08035a57   Thumb Code   162  dsqrt.o(.text)
    __scatterload                            0x08035af9   Thumb Code    28  init.o(.text)
    __scatterload_rt2                        0x08035af9   Thumb Code     0  init.o(.text)
    __decompress                             0x08035b1d   Thumb Code     0  __dczerorl2.o(.text)
    __decompress1                            0x08035b1d   Thumb Code    92  __dczerorl2.o(.text)
    __0sprintf$6                             0x08035b79   Thumb Code    34  printf6.o(i.__0sprintf$6)
    __1sprintf$6                             0x08035b79   Thumb Code     0  printf6.o(i.__0sprintf$6)
    __2sprintf                               0x08035b79   Thumb Code     0  printf6.o(i.__0sprintf$6)
    __0vsprintf                              0x08035ba1   Thumb Code    30  printfa.o(i.__0vsprintf)
    __1vsprintf                              0x08035ba1   Thumb Code     0  printfa.o(i.__0vsprintf)
    __2vsprintf                              0x08035ba1   Thumb Code     0  printfa.o(i.__0vsprintf)
    __c89vsprintf                            0x08035ba1   Thumb Code     0  printfa.o(i.__0vsprintf)
    vsprintf                                 0x08035ba1   Thumb Code     0  printfa.o(i.__0vsprintf)
    __ARM_fpclassify                         0x08035bc5   Thumb Code    48  fpclassify.o(i.__ARM_fpclassify)
    __hardfp_acos                            0x08035bf9   Thumb Code   738  acos.o(i.__hardfp_acos)
    __hardfp_asin                            0x08035f49   Thumb Code   774  asin.o(i.__hardfp_asin)
    __hardfp_atan                            0x080362b9   Thumb Code   636  atan.o(i.__hardfp_atan)
    __hardfp_atan2                           0x080365a1   Thumb Code   416  atan2.o(i.__hardfp_atan2)
    __hardfp_cos                             0x08036781   Thumb Code   200  cos.o(i.__hardfp_cos)
    __hardfp_pow                             0x08036859   Thumb Code  3132  pow.o(i.__hardfp_pow)
    __hardfp_sin                             0x080374e9   Thumb Code   200  sin.o(i.__hardfp_sin)
    __hardfp_sqrt                            0x080375c1   Thumb Code   122  sqrt.o(i.__hardfp_sqrt)
    __ieee754_rem_pio2                       0x08037641   Thumb Code   972  rred.o(i.__ieee754_rem_pio2)
    __kernel_cos                             0x08037a99   Thumb Code   322  cos_i.o(i.__kernel_cos)
    __kernel_poly                            0x08037c09   Thumb Code   248  poly.o(i.__kernel_poly)
    __kernel_sin                             0x08037d01   Thumb Code   280  sin_i.o(i.__kernel_sin)
    __mathlib_dbl_underflow                  0x08037e31   Thumb Code    24  dunder.o(i.__mathlib_dbl_underflow)
    __scatterload_copy                       0x08037e51   Thumb Code    14  handlers.o(i.__scatterload_copy)
    __scatterload_null                       0x08037e5f   Thumb Code     2  handlers.o(i.__scatterload_null)
    __scatterload_zeroinit                   0x08037e61   Thumb Code    14  handlers.o(i.__scatterload_zeroinit)
    __set_errno                              0x08037e71   Thumb Code     6  errno.o(i.__set_errno)
    atan                                     0x08038a7d   Thumb Code    16  atan.o(i.atan)
    fabs                                     0x08038a8d   Thumb Code    32  fabs.o(i.fabs)
    sqrt                                     0x08038aad   Thumb Code   110  sqrt.o(i.sqrt)
    PointRoute                               0x08038ca8   Data       216000  pointroute.o(.constdata)
    __lowest_bit_bitmap                      0x0806d985   Data         256  kservice.o(.constdata)
    __mathlib_zero                           0x080989a0   Data           8  qnan.o(.constdata)
    Region$$Table$$Base                      0x08099190   Number         0  anon$$obj.o(Region$$Table)
    Region$$Table$$Limit                     0x080991b0   Number         0  anon$$obj.o(Region$$Table)
    LCD_Index                                0x20000000   Data           1  t_lcd_refresh.o(.data)
    coeff_x                                  0x20000028   Data           8  t_keyboard.o(.data)
    coeff_y                                  0x20000030   Data           8  t_keyboard.o(.data)
    coeff_r                                  0x20000038   Data           8  t_keyboard.o(.data)
    Only_XY                                  0x20000040   Data           4  t_handle.o(.data)
    time_flag                                0x20000044   Data           1  t_handle.o(.data)
    Handle_Off_Count                         0x20000048   Data           4  t_handle.o(.data)
    fan_flag                                 0x2000004c   Data           1  t_handle.o(.data)
    Handle_Speed_X                           0x20000050   Data           8  t_handle.o(.data)
    handle_timeout_flag                      0x20000058   Data           1  t_handle.o(.data)
    fanmax                                   0x20000060   Data           8  y_handle.o(.data)
    time_flag_y                              0x20000068   Data           1  y_handle.o(.data)
    Handle_Off_Count_y                       0x2000006c   Data           4  y_handle.o(.data)
    handle_timeout_flag_y                    0x20000080   Data           1  y_handle.o(.data)
    Handle_Speed_Y                           0x20000088   Data           8  y_handle.o(.data)
    M_TIME                                   0x20000090   Data           8  t_timer.o(.data)
    S_TIME                                   0x20000098   Data           8  t_timer.o(.data)
    realspe                                  0x200000a0   Data           8  t_realspe.o(.data)
    realspe_x                                0x200000a8   Data           8  t_realspe.o(.data)
    realspe_y                                0x200000b0   Data           8  t_realspe.o(.data)
    CurrentMenu                              0x200000b8   Data           4  m_list.o(.data)
    MainMenu                                 0x200000bc   Data         160  m_list.o(.data)
    My_Pro                                   0x2000015c   Data         160  m_list.o(.data)
    M_System                                 0x200001fc   Data         160  m_list.o(.data)
    M_Test                                   0x2000029c   Data         160  m_list.o(.data)
    M_Route                                  0x2000033c   Data         160  m_list.o(.data)
    M_SD                                     0x200003dc   Data         160  m_list.o(.data)
    M_Fxh                                    0x2000047c   Data         160  m_list.o(.data)
    M_Laser                                  0x2000051c   Data         160  m_list.o(.data)
    M_liwenlin                               0x200005bc   Data         160  m_list.o(.data)
    single                                   0x20000660   Data           4  m_sys.o(.data)
    HandoverFlag                             0x20000670   Data           3  m_route.o(.data)
    PoleFlag                                 0x20000673   Data           1  m_route.o(.data)
    SwingFlag                                0x20000674   Data           1  m_route.o(.data)
    CircleFlag                               0x20000675   Data           4  m_route.o(.data)
    Circle_dynFlag                           0x20000679   Data           1  m_route.o(.data)
    LaserFlag                                0x2000067a   Data           3  m_route.o(.data)
    WalkGround                               0x2000067d   Data           1  m_route.o(.data)
    TimeOnFlag                               0x2000067e   Data           1  m_route.o(.data)
    armtest_flag                             0x2000067f   Data           1  m_route.o(.data)
    NewPole                                  0x20000934   Data           1  m_route.o(.data)
    RunTime                                  0x20000938   Data           4  m_route.o(.data)
    cock                                     0x20000940   Data       14408  m_cock.o(.data)
    length                                   0x20004188   Data          24  m_cock.o(.data)
    K                                        0x200041a4   Data           4  liwenlin.o(.data)
    M1_speed                                 0x200041a8   Data           4  liwenlin.o(.data)
    M2_speed                                 0x200041ac   Data           4  liwenlin.o(.data)
    M1_pos1                                  0x200041b0   Data           4  liwenlin.o(.data)
    M1_pos2                                  0x200041b4   Data           4  liwenlin.o(.data)
    M2_pos1                                  0x200041b8   Data           4  liwenlin.o(.data)
    M2_pos2                                  0x200041bc   Data           4  liwenlin.o(.data)
    pos                                      0x200041c0   Data           4  liwenlin.o(.data)
    adjust                                   0x200041c4   Data           4  liwenlin.o(.data)
    delay                                    0x200041c8   Data           4  liwenlin.o(.data)
    RELAY_VALUE                              0x200041d4   Data           4  relay.o(.data)
    Hall_Count                               0x200041d8   Data           1  relay.o(.data)
    IO_State                                 0x200041da   Data           8  motor.o(.data)
    CAM_R                                    0x200041e8   Data           8  camera.o(.data)
    seesaw                                   0x200041f0   Data          32  camera.o(.data)
    junglegym                                0x20004210   Data          32  camera.o(.data)
    polewalk                                 0x20004230   Data          32  camera.o(.data)
    swing                                    0x20004250   Data          32  camera.o(.data)
    PLACE_HANDOVER                           0x20004270   Data           1  camera.o(.data)
    PLACE_CIRCLE                             0x20004271   Data           1  camera.o(.data)
    REL                                      0x20004274   Data           4  camera.o(.data)
    Z_SPEED                                  0x20004278   Data           8  camera.o(.data)
    acc_p                                    0x20004280   Data           8  camera.o(.data)
    V_max                                    0x20004288   Data           8  camera.o(.data)
    acc_n                                    0x20004290   Data           8  camera.o(.data)
    SW_FORWARD_SPEED                         0x20004298   Data           8  camera.o(.data)
    SW_FORWARD_DIS                           0x200042a0   Data           8  camera.o(.data)
    stop_ex_h                                0x200042a8   Data           2  camera.o(.data)
    stop_ey_h                                0x200042aa   Data           2  camera.o(.data)
    stop_ed1_w                               0x200042ac   Data           2  camera.o(.data)
    stop_ed2_w                               0x200042ae   Data           2  camera.o(.data)
    stop_ed                                  0x200042b0   Data           2  camera.o(.data)
    stop_ea                                  0x200042b8   Data           8  camera.o(.data)
    stop_ed_static                           0x200042c0   Data           8  camera.o(.data)
    stop_ea_static                           0x200042c8   Data           8  camera.o(.data)
    pole_k_y                                 0x200042d0   Data           8  camera.o(.data)
    pole_k_x                                 0x200042d8   Data           8  camera.o(.data)
    SPEED_MOTO                               0x200042e0   Data           8  camera.o(.data)
    SPEED_DOWN                               0x200042e8   Data           8  camera.o(.data)
    Cam_X                                    0x2000494c   Data           2  camera.o(.data)
    Cam_Y                                    0x2000494e   Data           2  camera.o(.data)
    Cam_Z                                    0x20004950   Data           2  camera.o(.data)
    Cam_A                                    0x20004952   Data           2  camera.o(.data)
    Cam_Pole_X                               0x20004954   Data           2  camera.o(.data)
    Cam_Pole_Y                               0x20004956   Data           2  camera.o(.data)
    CamFlag                                  0x20004958   Data           1  camera.o(.data)
    Cam_Status                               0x20004959   Data           1  camera.o(.data)
    cam_angle                                0x20004960   Data           8  camera.o(.data)
    ea_flag                                  0x20004968   Data           1  camera.o(.data)
    REDFlag                                  0x20004969   Data           1  camera.o(.data)
    RATE                                     0x20004978   Data           8  swedish.o(.data)
    Swe_Acc                                  0x20004980   Data           4  swedish.o(.data)
    Swe_Acc_d                                0x20004984   Data           4  swedish.o(.data)
    Swe_FL                                   0x20004988   Data           8  swedish.o(.data)
    Swe_FR                                   0x20004990   Data           8  swedish.o(.data)
    Swe_BL                                   0x20004998   Data           8  swedish.o(.data)
    Swe_BR                                   0x200049a0   Data           8  swedish.o(.data)
    Speed_X                                  0x200049c8   Data           8  swedish.o(.data)
    Speed_Y                                  0x200049d0   Data           8  swedish.o(.data)
    Speed_Rotation                           0x200049d8   Data           8  swedish.o(.data)
    Acc_Rate                                 0x200049e0   Data           8  goline.o(.data)
    Dec_Rate                                 0x200049e8   Data           8  goline.o(.data)
    Aim_Radian                               0x200049f0   Data           8  goline.o(.data)
    Speed_Sta                                0x200049f8   Data           8  goline.o(.data)
    Speed_Max                                0x20004a00   Data           8  goline.o(.data)
    Line_Angle                               0x20004a08   Data           8  goline.o(.data)
    S                                        0x20004a10   Data           8  goline.o(.data)
    Acc_Dis                                  0x20004a18   Data           8  goline.o(.data)
    Dec_Dis                                  0x20004a20   Data           8  goline.o(.data)
    Acc                                      0x20004a28   Data           8  goline.o(.data)
    Dec                                      0x20004a30   Data           8  goline.o(.data)
    R                                        0x20004a38   Data           8  gocircle.o(.data)
    Speed                                    0x20004a40   Data           8  gocircle.o(.data)
    SW_SPEED                                 0x20004a48   Data           8  keep.o(.data)
    V_Max_Z                                  0x20004a50   Data          16  keep.o(.data)
    Handover_R                               0x20004a60   Data           8  keep.o(.data)
    Aim_X_Handover                           0x20004a6c   Data           8  keep.o(.data)
    Aim_Y_Handover                           0x20004a74   Data           8  keep.o(.data)
    Aim_Z_Handover                           0x20004a7c   Data           8  keep.o(.data)
    Aim_A_Handover                           0x20004a84   Data           8  keep.o(.data)
    Aim_X_Pole                               0x20004a8c   Data           2  keep.o(.data)
    Aim_Y_Pole                               0x20004a8e   Data           2  keep.o(.data)
    Aim_A_Pole                               0x20004a90   Data           8  keep.o(.data)
    Aim_Keep_Radian                          0x20004a98   Data           8  keep.o(.data)
    Speed_Keep_Max                           0x20004aa0   Data           8  keep.o(.data)
    Aim_Angle                                0x20004aa8   Data           8  keep.o(.data)
    Aim_Dist                                 0x20004ab0   Data           8  keep.o(.data)
    PolePut_R                                0x20004ab8   Data           8  keep.o(.data)
    HandoverFinish                           0x20004ac0   Data           1  keep.o(.data)
    PoleFinish                               0x20004ac1   Data           1  keep.o(.data)
    SwingFinish                              0x20004ac2   Data           1  keep.o(.data)
    Cam_F_DISABLE                            0x20004ac3   Data           1  keep.o(.data)
    Handover_Z_DISABLE                       0x20004ac4   Data           1  keep.o(.data)
    Cannot_See_Flag                          0x20004ac5   Data           1  keep.o(.data)
    Stop_Flag                                0x20004ac6   Data           3  keep.o(.data)
    Point_NowNum                             0x20004acc   Data           4  pointpath.o(.data)
    Point_StartNum                           0x20004ad0   Data           4  pointpath.o(.data)
    Point_EndNum                             0x20004ad4   Data           4  pointpath.o(.data)
    Route_Num                                0x20004ad8   Data           1  goroute.o(.data)
    Route                                    0x20004adc   Data          40  goroute.o(.data)
    CircleFinish                             0x20004b04   Data           1  goroute.o(.data)
    SwitchNum                                0x20004b08   Data           4  goroute.o(.data)
    RouteFinish                              0x20004b0c   Data           1  goroute.o(.data)
    motor1_speed                             0x20004b10   Data           8  armaction.o(.data)
    Retry                                    0x20004b18   Data           1  armaction.o(.data)
    debug                                    0x20004b1a   Data           1  armaction.o(.data)
    Motor1_Aim_Pos                           0x20004b1c   Data          24  armaction.o(.data)
    Motor2_Aim_Pos                           0x20004b34   Data          24  armaction.o(.data)
    Motor3_Aim_Pos                           0x20004b4c   Data           8  armaction.o(.data)
    FilterFlag                               0x20004b55   Data           6  armaction.o(.data)
    StartAngle                               0x20004b60   Data           8  armaction.o(.data)
    PID_flag                                 0x20004b68   Data           1  pid.o(.data)
    Pid_List                                 0x20004b70   Data        1440  pid.o(.data)
    Cam_X_EP1                                0x20005140   Data           8  pid.o(.data)
    Cam_X_EP2                                0x20005148   Data           8  pid.o(.data)
    Cam_Y_EP1                                0x20005150   Data           8  pid.o(.data)
    Cam_Y_EP2                                0x20005158   Data           8  pid.o(.data)
    Cam_Z_EP1                                0x20005160   Data           8  pid.o(.data)
    Cam_Z_EP2                                0x20005168   Data           8  pid.o(.data)
    Cam_A_EP1                                0x20005170   Data           8  pid.o(.data)
    Cam_A_EP2                                0x20005178   Data           8  pid.o(.data)
    WT_D1_EP1                                0x20005180   Data           8  pid.o(.data)
    WT_D1_EP2                                0x20005188   Data           8  pid.o(.data)
    WT_D2_EP1                                0x20005190   Data           8  pid.o(.data)
    WT_D2_EP2                                0x20005198   Data           8  pid.o(.data)
    Cam_X_AmendV                             0x200051a0   Data           8  pid.o(.data)
    Cam_Y_AmendV                             0x200051a8   Data           8  pid.o(.data)
    Cam_Z_AmendV                             0x200051b0   Data           8  pid.o(.data)
    Cam_A_AmendV                             0x200051b8   Data           8  pid.o(.data)
    WT_D1_AmendV                             0x200051c0   Data           8  pid.o(.data)
    WT_D2_AmendV                             0x200051c8   Data           8  pid.o(.data)
    Motor2_Time_Flag                         0x200051d0   Data           1  board.o(.data)
    uarts                                    0x200051d8   Data          60  usart.o(.data)
    uart1                                    0x20005214   Data          12  usart.o(.data)
    uart2                                    0x20005220   Data          12  usart.o(.data)
    uart3                                    0x2000522c   Data          12  usart.o(.data)
    uart4                                    0x20005238   Data          12  usart.o(.data)
    uart6                                    0x20005244   Data          12  usart.o(.data)
    aTxBuffer                                0x20005250   Data           8  dma.o(.data)
    uart_dmas                                0x20005258   Data         120  dma.o(.data)
    handle_count_y                           0x200052d0   Data           4  dma.o(.data)
    handle_count                             0x200052d4   Data           4  dma.o(.data)
    Speed_YFromHandle2                       0x20005340   Data           8  stm32f4xx_it.o(.data)
    AngleHit                                 0x20005348   Data           4  stm32f4xx_it.o(.data)
    AngleSwing                               0x2000534c   Data           4  stm32f4xx_it.o(.data)
    StopCondition                            0x20005358   Data           4  stm324xg_eval_sdio_sd.o(.data)
    TransferError                            0x2000535c   Data           1  stm324xg_eval_sdio_sd.o(.data)
    TransferEnd                              0x20005360   Data           4  stm324xg_eval_sdio_sd.o(.data)
    DMAEndOfTransfer                         0x20005364   Data           4  stm324xg_eval_sdio_sd.o(.data)
    pwm_structs                              0x20005374   Data          48  pwm.o(.data)
    Can_Data_Num                             0x200053a8   Data           1  can_database.o(.data)
    MISO_SWITCH                              0x200053a9   Data           2  can_database.o(.data)
    FLAG_SET                                 0x200053ab   Data           2  can_database.o(.data)
    FLAG_SET1                                0x200053ad   Data           2  can_database.o(.data)
    MOSI_SONIC1_CMD                          0x200053af   Data           1  can_database.o(.data)
    MOSI_SONIC2_CMD                          0x200053b0   Data           1  can_database.o(.data)
    Can_Database                             0x200053b4   Data        1820  can_database.o(.data)
    HASH_TABLE                               0x20005ad0   Data         256  can_database.o(.data)
    MOSI_CMD                                 0x20005bd0   Data           1  can_database.o(.data)
    MISO_CMD                                 0x20005bd1   Data           1  can_database.o(.data)
    MOSI_GPS_X                               0x20005bd8   Data           8  can_database.o(.data)
    MOSI_GPS_Y                               0x20005be0   Data           8  can_database.o(.data)
    MOSI_GPS_ANG                             0x20005be8   Data           8  can_database.o(.data)
    MOSI_GYRO_C1                             0x20005bf0   Data           8  can_database.o(.data)
    MOSI_GYRO_C2                             0x20005bf8   Data           8  can_database.o(.data)
    MOSI_ENC1_C1                             0x20005c00   Data           8  can_database.o(.data)
    MOSI_ENC1_C2                             0x20005c08   Data           8  can_database.o(.data)
    MOSI_ENC1_RAD                            0x20005c10   Data           8  can_database.o(.data)
    MOSI_ENC1_ANG                            0x20005c18   Data           8  can_database.o(.data)
    MOSI_ENC2_C1                             0x20005c20   Data           8  can_database.o(.data)
    MOSI_ENC2_C2                             0x20005c28   Data           8  can_database.o(.data)
    MOSI_ENC2_RAD                            0x20005c30   Data           8  can_database.o(.data)
    MOSI_ENC2_ANG                            0x20005c38   Data           8  can_database.o(.data)
    MISO_GPS_X                               0x20005c40   Data           8  can_database.o(.data)
    MISO_GPS_Y                               0x20005c48   Data           8  can_database.o(.data)
    MISO_GPS_ANG                             0x20005c50   Data           8  can_database.o(.data)
    MISO_GYRO_C1                             0x20005c58   Data           8  can_database.o(.data)
    MISO_GYRO_C2                             0x20005c60   Data           8  can_database.o(.data)
    MISO_GYRO_RAD                            0x20005c68   Data           8  can_database.o(.data)
    MISO_ENC1_C1                             0x20005c70   Data           8  can_database.o(.data)
    MISO_ENC1_C2                             0x20005c78   Data           8  can_database.o(.data)
    MISO_ENC1_RAD                            0x20005c80   Data           8  can_database.o(.data)
    MISO_ENC1_ANG                            0x20005c88   Data           8  can_database.o(.data)
    MISO_ENC1_DIS                            0x20005c90   Data           8  can_database.o(.data)
    MISO_ENC2_C1                             0x20005c98   Data           8  can_database.o(.data)
    MISO_ENC2_C2                             0x20005ca0   Data           8  can_database.o(.data)
    MISO_ENC2_RAD                            0x20005ca8   Data           8  can_database.o(.data)
    MISO_ENC2_ANG                            0x20005cb0   Data           8  can_database.o(.data)
    MISO_ENC2_DIS                            0x20005cb8   Data           8  can_database.o(.data)
    MOSI_MOTOR1_SPEED                        0x20005cc0   Data           4  can_database.o(.data)
    MOSI_MOTOR1_ANGLE                        0x20005cc4   Data           4  can_database.o(.data)
    MOSI_MOTOR2_SPEED                        0x20005cc8   Data           4  can_database.o(.data)
    MOSI_MOTOR2_ANGLE                        0x20005ccc   Data           4  can_database.o(.data)
    MOSI_MOTOR3_SPEED                        0x20005cd0   Data           4  can_database.o(.data)
    MOSI_MOTOR3_ANGLE                        0x20005cd4   Data           4  can_database.o(.data)
    MOSI_MOTOR4_SPEED                        0x20005cd8   Data           4  can_database.o(.data)
    MOSI_MOTOR4_ANGLE                        0x20005cdc   Data           4  can_database.o(.data)
    MOSI_MOTOR5_SPEED                        0x20005ce0   Data           4  can_database.o(.data)
    MOSI_MOTOR5_ANGLE                        0x20005ce4   Data           4  can_database.o(.data)
    MOSI_MOTOR6_SPEED                        0x20005ce8   Data           4  can_database.o(.data)
    MOSI_MOTOR6_ANGLE                        0x20005cec   Data           4  can_database.o(.data)
    MOSI_MOTOR7_SPEED                        0x20005cf0   Data           4  can_database.o(.data)
    MOSI_MOTOR7_ANGLE                        0x20005cf4   Data           4  can_database.o(.data)
    MOSI_MOTOR8_SPEED                        0x20005cf8   Data           4  can_database.o(.data)
    MOSI_MOTOR8_ANGLE                        0x20005cfc   Data           4  can_database.o(.data)
    MOSI_MOTOR9_SPEED                        0x20005d00   Data           4  can_database.o(.data)
    MOSI_MOTOR9_ANGLE                        0x20005d04   Data           4  can_database.o(.data)
    MOSI_stepper                             0x20005d08   Data           8  can_database.o(.data)
    MOSI_MOTOR1_OLD                          0x20005d10   Data           8  can_database.o(.data)
    MOSI_MOTOR2_OLD                          0x20005d18   Data           8  can_database.o(.data)
    MOSI_MOTOR3_OLD                          0x20005d20   Data           8  can_database.o(.data)
    MOSI_MOTOR4_OLD                          0x20005d28   Data           8  can_database.o(.data)
    MOSI_MOTOR5_OLD                          0x20005d30   Data           8  can_database.o(.data)
    MOSI_MOTOR6_OLD                          0x20005d38   Data           8  can_database.o(.data)
    MOSI_MOTOR7_OLD                          0x20005d40   Data           8  can_database.o(.data)
    MOSI_MOTOR8_OLD                          0x20005d48   Data           8  can_database.o(.data)
    MISO_M1_ENC                              0x20005d50   Data           7  can_database.o(.data)
    MISO_M2_ENC                              0x20005d57   Data           7  can_database.o(.data)
    MISO_M3_ENC                              0x20005d5e   Data           7  can_database.o(.data)
    MISO_M4_ENC                              0x20005d65   Data           7  can_database.o(.data)
    MISO_M5_ENC                              0x20005d6c   Data           7  can_database.o(.data)
    MISO_M6_ENC                              0x20005d73   Data           7  can_database.o(.data)
    MISO_M7_ENC                              0x20005d7a   Data           7  can_database.o(.data)
    MISO_M8_ENC                              0x20005d81   Data           7  can_database.o(.data)
    MOSI_PWM                                 0x20005d88   Data           8  can_database.o(.data)
    MOSI_CAMERA1                             0x20005d90   Data           8  can_database.o(.data)
    MOSI_CAMERA2                             0x20005d98   Data           8  can_database.o(.data)
    MOSI_CAMERA3                             0x20005da0   Data           8  can_database.o(.data)
    MOSI_CAMERA4                             0x20005da8   Data           8  can_database.o(.data)
    MOSI_CAMERA5                             0x20005db0   Data           8  can_database.o(.data)
    MISO_CAM1_TRANS                          0x20005db8   Data           8  can_database.o(.data)
    MISO_CAM2_TRANS                          0x20005dc0   Data           8  can_database.o(.data)
    MISO_CAM3_TRANS                          0x20005dc8   Data           8  can_database.o(.data)
    MISO_CAM4_TRANS                          0x20005dd0   Data           8  can_database.o(.data)
    MISO_CAM5_TRANS                          0x20005dd8   Data           8  can_database.o(.data)
    MOSI_RELAY1_DATA                         0x20005de0   Data           1  can_database.o(.data)
    MOSI_RELAY2_DATA                         0x20005de1   Data           1  can_database.o(.data)
    MISO_SONIC1_DAT                          0x20005de2   Data           3  can_database.o(.data)
    MISO_SONIC2_DAT                          0x20005de5   Data           3  can_database.o(.data)
    F_CH                                     0x20005df8   Data           4  fan.o(.data)
    R_CH                                     0x20005dfc   Data           4  fan.o(.data)
    L_CH                                     0x20005e00   Data           4  fan.o(.data)
    B_CH                                     0x20005e04   Data           4  fan.o(.data)
    fantest                                  0x20005e08   Data           4  fan.o(.data)
    cam_trsimg_fh                            0x20005e50   Data           8  sd_save.o(.data)
    Time_Stamp                               0x20005ec4   Data           4  sd_save.o(.data)
    Timer                                    0x20005ec8   Data         200  tim.o(.data)
    msg_debug                                0x20005f90   Data           4  fxh_misc.o(.data)
    sPos_Pid                                 0x20006090   Data         288  pid1.o(.data)
    buz_debug                                0x200061d8   Data           4  t_test.o(.data)
    SystemCoreClock                          0x200061e8   Data           4  system_stm32f4xx.o(.data)
    AHBPrescTable                            0x200061ec   Data          16  system_stm32f4xx.o(.data)
    rt_interrupt_nest                        0x20006218   Data           1  irq.o(.data)
    rt_object_container                      0x2000624c   Data         144  object.o(.data)
    rt_object_trytake_hook                   0x200062e4   Data           4  object.o(.data)
    rt_object_take_hook                      0x200062e8   Data           4  object.o(.data)
    rt_object_put_hook                       0x200062ec   Data           4  object.o(.data)
    rt_current_thread                        0x200062f4   Data           4  scheduler.o(.data)
    rt_current_priority                      0x200062f8   Data           1  scheduler.o(.data)
    rt_thread_ready_priority_group           0x200062fc   Data           4  scheduler.o(.data)
    rt_thread_defunct                        0x20006300   Data           8  scheduler.o(.data)
    rt_interrupt_from_thread                 0x20006320   Data           4  cpuport.o(.data)
    rt_interrupt_to_thread                   0x20006324   Data           4  cpuport.o(.data)
    rt_thread_switch_interrupt_flag          0x20006328   Data           4  cpuport.o(.data)
    status                                   0x2000632c   Data           1  diskio.o(.data)
    Mb_Key                                   0x20006380   Data          72  mb.o(.bss)
    Mb_Emergency                             0x200063c8   Data          72  mb.o(.bss)
    Mb_Auto                                  0x20006410   Data          72  mb.o(.bss)
    Mb_Arm                                   0x20006458   Data          72  mb.o(.bss)
    Mb_SensorStart                           0x200064a0   Data          72  mb.o(.bss)
    Mb_SensorEnd                             0x200064e8   Data          72  mb.o(.bss)
    mq_sd                                    0x20006830   Data          76  mq.o(.bss)
    thread_lcd_refresh                       0x20008c80   Data         176  t_lcd_refresh.o(.bss)
    LCD_Table                                0x20008d30   Data         160  t_lcd_refresh.o(.bss)
    thread_keyboard                          0x200099d0   Data         176  t_keyboard.o(.bss)
    thread_emergency                         0x20009e80   Data         176  t_emergency.o(.bss)
    thread_handle                            0x2000a330   Data         176  t_handle.o(.bss)
    thread_FATfs                             0x2000b418   Data         176  t_fatfs.o(.bss)
    fil_pid                                  0x2000b6fc   Data         548  t_fatfs.o(.bss)
    Mortor_info                              0x2000b920   Data         548  t_fatfs.o(.bss)
    thread_handle_Y                          0x2000bf48   Data         176  y_handle.o(.bss)
    thread_tim                               0x2000c408   Data         176  t_timer.o(.bss)
    yiqi                                     0x2000c4b8   Data          80  t_realspe.o(.bss)
    speed                                    0x2000c508   Data          80  t_realspe.o(.bss)
    thread_realspe                           0x2000c958   Data         176  t_realspe.o(.bss)
    Gyro                                     0x2000cc30   Data          24  gyro.o(.bss)
    Encoder                                  0x2000cc48   Data          80  encoder.o(.bss)
    GPS                                      0x2000cc98   Data          24  gps.o(.bss)
    Motor_Pos                                0x2000ccb0   Data          32  motor.o(.bss)
    Motor_RealAim                            0x2000ccd0   Data          16  motor.o(.bss)
    camera_data1                             0x2000cce0   Data          12  camera.o(.bss)
    camera_data2                             0x2000ccec   Data          12  camera.o(.bss)
    camera_data3                             0x2000ccf8   Data          12  camera.o(.bss)
    camera_data4                             0x2000cd04   Data          12  camera.o(.bss)
    camera_data5                             0x2000cd10   Data          12  camera.o(.bss)
    camera_data6                             0x2000cd1c   Data          12  camera.o(.bss)
    Cam_Angle                                0x2000d278   Data          24  camera.o(.bss)
    Cam_Dist                                 0x2000d290   Data          24  camera.o(.bss)
    cam_file                                 0x2000d2a8   Data         548  camera.o(.bss)
    Gps_assume                               0x2000d4d0   Data          80  camera.o(.bss)
    sonic_data                               0x2000d520   Data          24  sonic.o(.bss)
    Sta_Point                                0x2000d538   Data          16  goline.o(.bss)
    End_Point                                0x2000d548   Data          16  goline.o(.bss)
    Center                                   0x2000d558   Data          16  gocircle.o(.bss)
    Aim_D_Swing                              0x2000d568   Data          24  keep.o(.bss)
    Aim_A_Swing                              0x2000d580   Data          16  keep.o(.bss)
    Aim_D_Circle                             0x2000d590   Data          32  keep.o(.bss)
    Aim_A_Circle                             0x2000d5b0   Data          32  keep.o(.bss)
    Aim_A_G_Circle                           0x2000d5d0   Data          32  keep.o(.bss)
    Aim_Keep_Point                           0x2000d5f0   Data          16  keep.o(.bss)
    thread_auto                              0x2000da00   Data         176  t_auto.o(.bss)
    thread_arm                               0x2000e2b0   Data         176  t_arm.o(.bss)
    SegmentTime                              0x2000e360   Data          28  armaction.o(.bss)
    RouteTime                                0x2000e37c   Data          28  armaction.o(.bss)
    GPS_Record                               0x2000e398   Data         168  armaction.o(.bss)
    fil_walkground                           0x2000e440   Data         548  armaction.o(.bss)
    thread_catch                             0x2000ea68   Data         176  t_catching.o(.bss)
    Theta                                    0x2000eb18   Data          16  t_catching.o(.bss)
    uart_data                                0x2000eb28   Data          72  t_catching.o(.bss)
    catch_data                               0x2000eb70   Data          24  t_catching.o(.bss)
    pos_speed                                0x2000eb88   Data          40  t_catching.o(.bss)
    DataConvBuff                             0x2000ebb0   Data          25  mystring.o(.bss)
    Vout                                     0x2000ebd0   Data          40  pid.o(.bss)
    uart1_int_rx                             0x2000ec1c   Data          72  usart.o(.bss)
    uart1_dma_tx                             0x2000ec64   Data         172  usart.o(.bss)
    uart1_device                             0x2000ed10   Data          88  usart.o(.bss)
    uart2_int_rx                             0x2000ed68   Data          72  usart.o(.bss)
    uart2_dma_tx                             0x2000edb0   Data         172  usart.o(.bss)
    uart2_device                             0x2000ee5c   Data          88  usart.o(.bss)
    uart3_int_rx                             0x2000eeb4   Data          72  usart.o(.bss)
    uart3_dma_tx                             0x2000eefc   Data         172  usart.o(.bss)
    uart3_device                             0x2000efa8   Data          88  usart.o(.bss)
    uart4_int_rx                             0x2000f000   Data          72  usart.o(.bss)
    uart4_dma_tx                             0x2000f048   Data         172  usart.o(.bss)
    uart4_device                             0x2000f0f4   Data          88  usart.o(.bss)
    uart6_int_rx                             0x2000f14c   Data          72  usart.o(.bss)
    uart6_dma_tx                             0x2000f194   Data         172  usart.o(.bss)
    uart6_device                             0x2000f240   Data          88  usart.o(.bss)
    LB_recv                                  0x2000f3a4   Data          12  dma_rx_isr.o(.bss)
    HandleData_X                             0x2000f3b0   Data          16  dma_rx_isr.o(.bss)
    HandleData_Y                             0x2000f3c0   Data          16  dma_rx_isr.o(.bss)
    Laser_recv                               0x2000f3d0   Data          10  dma_rx_isr.o(.bss)
    mt2                                      0x2000f3da   Data           9  dma_rx_isr.o(.bss)
    SDCardInfo                               0x2000f418   Data          88  stm324xg_eval_sdio_sd.o(.bss)
    SDIO_InitStructure                       0x2000f470   Data          24  stm324xg_eval_sdio_sd.o(.bss)
    SDIO_CmdInitStructure                    0x2000f488   Data          20  stm324xg_eval_sdio_sd.o(.bss)
    SDIO_DataInitStructure                   0x2000f49c   Data          24  stm324xg_eval_sdio_sd.o(.bss)
    Cam_Sta                                  0x2000f6d8   Data          28  sd_save.o(.bss)
    Cam_Mode                                 0x2000f6f4   Data          28  sd_save.o(.bss)
    Cam_ErrFlg                               0x2000f710   Data          28  sd_save.o(.bss)
    Img_Cbuf                                 0x2000f72c   Data        6152  sd_save.o(.bss)
    thread_test                              0x200162d8   Data         176  t_test.o(.bss)
    rt_thread_priority_table                 0x20016a20   Data         256  scheduler.o(.bss)
    t_dis_y                                  0x20016d20   Data         548  speed_test.o(.bss)
    t_dis_x                                  0x20016f44   Data         548  speed_test.o(.bss)
    t_dis_xy                                 0x20017168   Data         548  speed_test.o(.bss)
    t_spe_y                                  0x2001738c   Data         548  speed_test.o(.bss)
    t_spe_x                                  0x200175b0   Data         548  speed_test.o(.bss)
    t_spe_xy                                 0x200177d4   Data         548  speed_test.o(.bss)
    position_x                               0x200179f8   Data         548  speed_test.o(.bss)
    position_y                               0x20017c1c   Data         548  speed_test.o(.bss)
    position_xy                              0x20017e40   Data         548  speed_test.o(.bss)
    t_spe                                    0x20018064   Data         548  speed_test.o(.bss)
    Image$$RW_IRAM1$$ZI$$Limit               0x20018688   Number         0  startup_stm32f4xx.o(STACK)
    __initial_sp                             0x20018688   Data           0  startup_stm32f4xx.o(STACK)



==============================================================================

Memory Map of the image

  Image Entry point : 0x08000189

  Load Region LR_IROM1 (Base: 0x08000000, Size: 0x0009f530, Max: 0x00100000, ABSOLUTE, COMPRESSED[0x00099fd0])

    Execution Region ER_IROM1 (Base: 0x08000000, Size: 0x000991b0, Max: 0x00100000, ABSOLUTE)

    Base Addr    Size         Type   Attr      Idx    E Section Name        Object

    0x08000000   0x00000188   Data   RO         2071    RESET               startup_stm32f4xx.o
    0x08000188   0x00000000   Code   RO         3048  * .ARM.Collect$$$$00000000  mc_w.l(entry.o)
    0x08000188   0x00000004   Code   RO         3391    .ARM.Collect$$$$00000001  mc_w.l(entry2.o)
    0x0800018c   0x00000004   Code   RO         3394    .ARM.Collect$$$$00000004  mc_w.l(entry5.o)
    0x08000190   0x00000000   Code   RO         3396    .ARM.Collect$$$$00000008  mc_w.l(entry7b.o)
    0x08000190   0x00000000   Code   RO         3398    .ARM.Collect$$$$0000000A  mc_w.l(entry8b.o)
    0x08000190   0x00000008   Code   RO         3399    .ARM.Collect$$$$0000000B  mc_w.l(entry9a.o)
    0x08000198   0x00000000   Code   RO         3401    .ARM.Collect$$$$0000000D  mc_w.l(entry10a.o)
    0x08000198   0x00000000   Code   RO         3403    .ARM.Collect$$$$0000000F  mc_w.l(entry11a.o)
    0x08000198   0x00000004   Code   RO         3392    .ARM.Collect$$$$00002712  mc_w.l(entry2.o)
    0x0800019c   0x00000088   Code   RO            2    .text               application.o
    0x08000224   0x00000108   Code   RO          379    .text               startup.o
    0x0800032c   0x000001f0   Code   RO          396    .text               mb.o
    0x0800051c   0x0000004c   Code   RO          418    .text               mq.o
    0x08000568   0x000000bc   Code   RO          440    .text               t_lcd_refresh.o
    0x08000624   0x000002b0   Code   RO          463    .text               t_keyboard.o
    0x080008d4   0x00000158   Code   RO          486    .text               t_emergency.o
    0x08000a2c   0x00000520   Code   RO          517    .text               t_handle.o
    0x08000f4c   0x000007f4   Code   RO          545    .text               t_fatfs.o
    0x08001740   0x00000aac   Code   RO          572    .text               y_handle.o
    0x080021ec   0x000002cc   Code   RO          596    .text               t_timer.o
    0x080024b8   0x00000a90   Code   RO          623    .text               t_realspe.o
    0x08002f48   0x00000108   Code   RO          646    .text               m_func.o
    0x08003050   0x00000e90   Code   RO          698    .text               m_sys.o
    0x08003ee0   0x00000a5c   Code   RO          718    .text               m_test.o
    0x0800493c   0x00000a50   Code   RO          736    .text               m_route.o
    0x0800538c   0x00000a98   Code   RO          762    .text               m_cock.o
    0x08005e24   0x000007ec   Code   RO          781    .text               liwenlin.o
    0x08006610   0x00000cc8   Code   RO          801    .text               lcd_keyboard.o
    0x080072d8   0x00000548   Code   RO          820    .text               gyro.o
    0x08007820   0x00000844   Code   RO          842    .text               encoder.o
    0x08008064   0x00000078   Code   RO          864    .text               gps.o
    0x080080dc   0x00000400   Code   RO          886    .text               relay.o
    0x080084dc   0x0000068c   Code   RO          905    .text               motor.o
    0x08008b68   0x000052f4   Code   RO          928    .text               camera.o
    0x0800de5c   0x000007c0   Code   RO          976    .text               lightboard.o
    0x0800e61c   0x00000068   Code   RO          995    .text               sonic.o
    0x0800e684   0x00001058   Code   RO         1017    .text               swedish.o
    0x0800f6dc   0x000003fc   Code   RO         1040    .text               easyline.o
    0x0800fad8   0x00000880   Code   RO         1056    .text               goline.o
    0x08010358   0x000002e0   Code   RO         1076    .text               gocircle.o
    0x08010638   0x0000264c   Code   RO         1096    .text               keep.o
    0x08012c84   0x00000b94   Code   RO         1121    .text               pointpath.o
    0x08013818   0x000000f0   Code   RO         1261    .text               t_auto.o
    0x08013908   0x000000a4   Code   RO         1280    .text               t_arm.o
    0x080139ac   0x000009c8   Code   RO         1299    .text               goroute.o
    0x08014374   0x00002d78   Code   RO         1322    .text               armaction.o
    0x080170ec   0x00000bcc   Code   RO         1346    .text               t_catching.o
    0x08017cb8   0x00001590   Code   RO         1374    .text               mymath.o
    0x08019248   0x0000013c   Code   RO         1390    .text               mystring.o
    0x08019384   0x00001768   Code   RO         1413    .text               pid.o
    0x0801aaec   0x0000016c   Code   RO         1446    .text               board.o
    0x0801ac58   0x000003f4   Code   RO         1469    .text               serial.o
    0x0801b04c   0x00000400   Code   RO         1509    .text               usart.o
    0x0801b44c   0x00000348   Code   RO         1540    .text               dma.o
    0x0801b794   0x000001b8   Code   RO         1569    .text               dma_rx_isr.o
    0x0801b94c   0x00000238   Code   RO         1591    .text               stm32f4xx_it.o
    0x0801bb84   0x00001ce0   Code   RO         1616    .text               stm324xg_eval_sdio_sd.o
    0x0801d864   0x00000198   Code   RO         1639    .text               io.o
    0x0801d9fc   0x0000048c   Code   RO         1657    .text               pwm.o
    0x0801de88   0x00000794   Code   RO         1676    .text               can.o
    0x0801e61c   0x000000e8   Code   RO         1695    .text               can_database.o
    0x0801e704   0x00000ce8   Code   RO         1718    .text               command.o
    0x0801f3ec   0x00000fe4   Code   RO         1736    .text               fan.o
    0x080203d0   0x00000758   Code   RO         1793    .text               sd_save.o
    0x08020b28   0x00000270   Code   RO         1822    .text               tim.o
    0x08020d98   0x000019a0   Code   RO         1891    .text               fxh_misc.o
    0x08022738   0x0000133c   Code   RO         1915    .text               laser1.o
    0x08023a74   0x00000974   Code   RO         1935    .text               lightboard1.o
    0x080243e8   0x000003a0   Code   RO         1958    .text               pid1.o
    0x08024788   0x0000100c   Code   RO         1982    .text               sonic1.o
    0x08025794   0x000000a0   Code   RO         2003    .text               t_test.o
    0x08025834   0x000000c8   Code   RO         2026    .text               hook.o
    0x080258fc   0x0000020c   Code   RO         2048    .text               system_stm32f4xx.o
    0x08025b08   0x00000024   Code   RO         2072    .text               startup_stm32f4xx.o
    0x08025b2c   0x000001ec   Code   RO         2077    .text               misc.o
    0x08025d18   0x00001118   Code   RO         2109    .text               stm32f4xx_can.o
    0x08026e30   0x000013b8   Code   RO         2253    .text               stm32f4xx_dma.o
    0x080281e8   0x00000916   Code   RO         2317    .text               stm32f4xx_gpio.o
    0x08028afe   0x00000002   PAD
    0x08028b00   0x00000d7c   Code   RO         2429    .text               stm32f4xx_rcc.o
    0x0802987c   0x00000664   Code   RO         2479    .text               stm32f4xx_sdio.o
    0x08029ee0   0x00003294   Code   RO         2527    .text               stm32f4xx_tim.o
    0x0802d174   0x00000eac   Code   RO         2543    .text               stm32f4xx_usart.o
    0x0802e020   0x00000064   Code   RO         2574    .text               clock.o
    0x0802e084   0x000002ac   Code   RO         2588    .text               device.o
    0x0802e330   0x0000010c   Code   RO         2601    .text               idle.o
    0x0802e43c   0x00000e7c   Code   RO         2620    .text               ipc.o
    0x0802f2b8   0x00000040   Code   RO         2636    .text               irq.o
    0x0802f2f8   0x000009b0   Code   RO         2651    .text               kservice.o
    0x0802fca8   0x000004a0   Code   RO         2668    .text               mem.o
    0x08030148   0x000002c4   Code   RO         2689    .text               mempool.o
    0x0803040c   0x000001d4   Code   RO         2712    .text               object.o
    0x080305e0   0x00000280   Code   RO         2731    .text               scheduler.o
    0x08030860   0x00000418   Code   RO         2757    .text               thread.o
    0x08030c78   0x00000408   Code   RO         2773    .text               timer.o
    0x08031080   0x0000017c   Code   RO         2791    .text               cpuport.o
    0x080311fc   0x00000110   Code   RO         2806    .text               context_rvds.o
    0x0803130c   0x00000194   Code   RO         2844    .text               diskio.o
    0x080314a0   0x00002fee   Code   RO         2872    .text               ff.o
    0x0803448e   0x00000002   PAD
    0x08034490   0x000000b4   Code   RO         2894    .text               cc936.o
    0x08034544   0x00000d04   Code   RO         2918    .text               speed_test.o
    0x08035248   0x00000062   Code   RO         3051    .text               mc_w.l(uldiv.o)
    0x080352aa   0x00000024   Code   RO         3053    .text               mc_w.l(memcpya.o)
    0x080352ce   0x00000024   Code   RO         3055    .text               mc_w.l(memseta.o)
    0x080352f2   0x0000000e   Code   RO         3057    .text               mc_w.l(strlen.o)
    0x08035300   0x0000001c   Code   RO         3059    .text               mc_w.l(strcmp.o)
    0x0803531c   0x00000012   Code   RO         3061    .text               mc_w.l(strcpy.o)
    0x0803532e   0x0000001e   Code   RO         3063    .text               mc_w.l(strncmp.o)
    0x0803534c   0x0000014e   Code   RO         3332    .text               mf_w.l(dadd.o)
    0x0803549a   0x000000e4   Code   RO         3334    .text               mf_w.l(dmul.o)
    0x0803557e   0x000000de   Code   RO         3336    .text               mf_w.l(ddiv.o)
    0x0803565c   0x00000022   Code   RO         3340    .text               mf_w.l(dflti.o)
    0x0803567e   0x0000001a   Code   RO         3342    .text               mf_w.l(dfltui.o)
    0x08035698   0x00000028   Code   RO         3344    .text               mf_w.l(dfltl.o)
    0x080356c0   0x00000018   Code   RO         3346    .text               mf_w.l(dfltul.o)
    0x080356d8   0x0000003e   Code   RO         3348    .text               mf_w.l(dfixi.o)
    0x08035716   0x00000032   Code   RO         3350    .text               mf_w.l(dfixui.o)
    0x08035748   0x0000004a   Code   RO         3352    .text               mf_w.l(dfixl.o)
    0x08035792   0x00000030   Code   RO         3354    .text               mf_w.l(dfixul.o)
    0x080357c2   0x00000026   Code   RO         3356    .text               mf_w.l(f2d.o)
    0x080357e8   0x00000028   Code   RO         3358    .text               mf_w.l(cdcmple.o)
    0x08035810   0x00000028   Code   RO         3360    .text               mf_w.l(cdrcmple.o)
    0x08035838   0x00000038   Code   RO         3362    .text               mf_w.l(d2f.o)
    0x08035870   0x0000002c   Code   RO         3408    .text               mc_w.l(uidiv.o)
    0x0803589c   0x0000001e   Code   RO         3410    .text               mc_w.l(llshl.o)
    0x080358ba   0x00000020   Code   RO         3412    .text               mc_w.l(llushr.o)
    0x080358da   0x00000024   Code   RO         3414    .text               mc_w.l(llsshr.o)
    0x080358fe   0x00000000   Code   RO         3427    .text               mc_w.l(iusefp.o)
    0x080358fe   0x0000006c   Code   RO         3428    .text               mf_w.l(fepilogue.o)
    0x0803596a   0x000000be   Code   RO         3430    .text               mf_w.l(depilogue.o)
    0x08035a28   0x0000002e   Code   RO         3432    .text               mf_w.l(dscalb.o)
    0x08035a56   0x000000a2   Code   RO         3434    .text               mf_w.l(dsqrt.o)
    0x08035af8   0x00000024   Code   RO         3436    .text               mc_w.l(init.o)
    0x08035b1c   0x0000005c   Code   RO         3455    .text               mc_w.l(__dczerorl2.o)
    0x08035b78   0x00000028   Code   RO         3224    i.__0sprintf$6      mc_w.l(printf6.o)
    0x08035ba0   0x00000024   Code   RO         3306    i.__0vsprintf       mc_w.l(printfa.o)
    0x08035bc4   0x00000030   Code   RO         3375    i.__ARM_fpclassify  m_wm.l(fpclassify.o)
    0x08035bf4   0x00000004   PAD
    0x08035bf8   0x00000350   Code   RO         2944    i.__hardfp_acos     m_wm.l(acos.o)
    0x08035f48   0x00000370   Code   RO         2958    i.__hardfp_asin     m_wm.l(asin.o)
    0x080362b8   0x000002e8   Code   RO         2972    i.__hardfp_atan     m_wm.l(atan.o)
    0x080365a0   0x000001e0   Code   RO         2986    i.__hardfp_atan2    m_wm.l(atan2.o)
    0x08036780   0x000000d8   Code   RO         2998    i.__hardfp_cos      m_wm.l(cos.o)
    0x08036858   0x00000c90   Code   RO         3010    i.__hardfp_pow      m_wm.l(pow.o)
    0x080374e8   0x000000d8   Code   RO         3024    i.__hardfp_sin      m_wm.l(sin.o)
    0x080375c0   0x0000007a   Code   RO         3036    i.__hardfp_sqrt     m_wm.l(sqrt.o)
    0x0803763a   0x00000006   PAD
    0x08037640   0x00000458   Code   RO         3380    i.__ieee754_rem_pio2  m_wm.l(rred.o)
    0x08037a98   0x00000170   Code   RO         3364    i.__kernel_cos      m_wm.l(cos_i.o)
    0x08037c08   0x000000f8   Code   RO         3377    i.__kernel_poly     m_wm.l(poly.o)
    0x08037d00   0x00000130   Code   RO         3385    i.__kernel_sin      m_wm.l(sin_i.o)
    0x08037e30   0x00000020   Code   RO         3367    i.__mathlib_dbl_underflow  m_wm.l(dunder.o)
    0x08037e50   0x0000000e   Code   RO         3449    i.__scatterload_copy  mc_w.l(handlers.o)
    0x08037e5e   0x00000002   Code   RO         3450    i.__scatterload_null  mc_w.l(handlers.o)
    0x08037e60   0x0000000e   Code   RO         3451    i.__scatterload_zeroinit  mc_w.l(handlers.o)
    0x08037e6e   0x00000002   PAD
    0x08037e70   0x0000000c   Code   RO         3418    i.__set_errno       mc_w.l(errno.o)
    0x08037e7c   0x0000015c   Code   RO         3307    i._fp_digits        mc_w.l(printfa.o)
    0x08037fd8   0x000002f4   Code   RO         3229    i._printf_core      mc_w.l(printf6.o)
    0x080382cc   0x000006f0   Code   RO         3308    i._printf_core      mc_w.l(printfa.o)
    0x080389bc   0x00000026   Code   RO         3230    i._printf_post_padding  mc_w.l(printf6.o)
    0x080389e2   0x00000026   Code   RO         3309    i._printf_post_padding  mc_w.l(printfa.o)
    0x08038a08   0x00000030   Code   RO         3231    i._printf_pre_padding  mc_w.l(printf6.o)
    0x08038a38   0x00000030   Code   RO         3310    i._printf_pre_padding  mc_w.l(printfa.o)
    0x08038a68   0x0000000a   Code   RO         3233    i._sputc            mc_w.l(printf6.o)
    0x08038a72   0x0000000a   Code   RO         3312    i._sputc            mc_w.l(printfa.o)
    0x08038a7c   0x00000010   Code   RO         2974    i.atan              m_wm.l(atan.o)
    0x08038a8c   0x00000020   Code   RO         3371    i.fabs              m_wm.l(fabs.o)
    0x08038aac   0x0000006e   Code   RO         3038    i.sqrt              m_wm.l(sqrt.o)
    0x08038b1a   0x00000031   Data   RO          547    .constdata          t_fatfs.o
    0x08038b4b   0x00000001   PAD
    0x08038b4c   0x000000e4   Data   RO          737    .constdata          m_route.o
    0x08038c30   0x00000020   Data   RO          930    .constdata          camera.o
    0x08038c50   0x00000054   Data   RO          977    .constdata          lightboard.o
    0x08038ca4   0x00000004   PAD
    0x08038ca8   0x00034bc0   Data   RO         1144    .constdata          pointroute.o
    0x0806d868   0x00000030   Data   RO         1348    .constdata          t_catching.o
    0x0806d898   0x00000040   Data   RO         1511    .constdata          usart.o
    0x0806d8d8   0x00000028   Data   RO         1542    .constdata          dma.o
    0x0806d900   0x0000003c   Data   RO         1795    .constdata          sd_save.o
    0x0806d93c   0x00000007   Data   RO         1823    .constdata          tim.o
    0x0806d943   0x00000025   Data   RO         1893    .constdata          fxh_misc.o
    0x0806d968   0x00000006   Data   RO         1917    .constdata          laser1.o
    0x0806d96e   0x0000000a   Data   RO         1937    .constdata          lightboard1.o
    0x0806d978   0x0000000d   Data   RO         1984    .constdata          sonic1.o
    0x0806d985   0x00000122   Data   RO         2653    .constdata          kservice.o
    0x0806daa7   0x00000001   PAD
    0x0806daa8   0x0000003a   Data   RO         2874    .constdata          ff.o
    0x0806dae2   0x0002acc8   Data   RO         2895    .constdata          cc936.o
    0x080987aa   0x00000006   PAD
    0x080987b0   0x00000050   Data   RO         2947    .constdata          m_wm.l(acos.o)
    0x08098800   0x00000050   Data   RO         2961    .constdata          m_wm.l(asin.o)
    0x08098850   0x00000098   Data   RO         2975    .constdata          m_wm.l(atan.o)
    0x080988e8   0x00000088   Data   RO         3013    .constdata          m_wm.l(pow.o)
    0x08098970   0x00000030   Data   RO         3365    .constdata          m_wm.l(cos_i.o)
    0x080989a0   0x00000008   Data   RO         3379    .constdata          m_wm.l(qnan.o)
    0x080989a8   0x000000c8   Data   RO         3382    .constdata          m_wm.l(rred.o)
    0x08098a70   0x00000028   Data   RO         3386    .constdata          m_wm.l(sin_i.o)
    0x08098a98   0x000001c7   Data   RO          672    .conststring        m_list.o
    0x08098c5f   0x00000134   Data   RO          738    .conststring        m_route.o
    0x08098d93   0x000002cb   Data   RO          931    .conststring        camera.o
    0x0809905e   0x00000006   Data   RO          978    .conststring        lightboard.o
    0x08099064   0x0000011d   Data   RO         1796    .conststring        sd_save.o
    0x08099181   0x0000000c   Data   RO         2920    .conststring        speed_test.o
    0x0809918d   0x00000003   PAD
    0x08099190   0x00000020   Data   RO         3447    Region$$Table       anon$$obj.o


    Execution Region RW_IRAM1 (Base: 0x20000000, Size: 0x00018688, Max: 0x00020000, ABSOLUTE, COMPRESSED[0x00000e20])

    Base Addr    Size         Type   Attr      Idx    E Section Name        Object

    0x20000000   0x00000001   Data   RW          442    .data               t_lcd_refresh.o
    0x20000001   0x00000007   PAD
    0x20000008   0x00000038   Data   RW          465    .data               t_keyboard.o
    0x20000040   0x00000019   Data   RW          519    .data               t_handle.o
    0x20000059   0x00000007   PAD
    0x20000060   0x00000030   Data   RW          574    .data               y_handle.o
    0x20000090   0x00000010   Data   RW          598    .data               t_timer.o
    0x200000a0   0x00000018   Data   RW          625    .data               t_realspe.o
    0x200000b8   0x000005a4   Data   RW          673    .data               m_list.o
    0x2000065c   0x00000004   PAD
    0x20000660   0x00000010   Data   RW          699    .data               m_sys.o
    0x20000670   0x000002cc   Data   RW          739    .data               m_route.o
    0x2000093c   0x00000004   PAD
    0x20000940   0x00003862   Data   RW          763    .data               m_cock.o
    0x200041a2   0x00000002   PAD
    0x200041a4   0x0000002d   Data   RW          782    .data               liwenlin.o
    0x200041d1   0x00000003   PAD
    0x200041d4   0x00000006   Data   RW          887    .data               relay.o
    0x200041da   0x00000008   Data   RW          907    .data               motor.o
    0x200041e2   0x00000006   PAD
    0x200041e8   0x00000782   Data   RW          932    .data               camera.o
    0x2000496a   0x00000006   PAD
    0x20004970   0x00000008   Data   RW          979    .data               lightboard.o
    0x20004978   0x00000068   Data   RW         1018    .data               swedish.o
    0x200049e0   0x00000058   Data   RW         1058    .data               goline.o
    0x20004a38   0x00000010   Data   RW         1078    .data               gocircle.o
    0x20004a48   0x00000081   Data   RW         1098    .data               keep.o
    0x20004ac9   0x00000003   PAD
    0x20004acc   0x0000000c   Data   RW         1122    .data               pointpath.o
    0x20004ad8   0x00000035   Data   RW         1300    .data               goroute.o
    0x20004b0d   0x00000003   PAD
    0x20004b10   0x00000058   Data   RW         1324    .data               armaction.o
    0x20004b68   0x00000668   Data   RW         1415    .data               pid.o
    0x200051d0   0x00000008   Data   RW         1447    .data               board.o
    0x200051d8   0x00000078   Data   RW         1512    .data               usart.o
    0x20005250   0x000000e8   Data   RW         1543    .data               dma.o
    0x20005338   0x00000018   Data   RW         1593    .data               stm32f4xx_it.o
    0x20005350   0x00000018   Data   RW         1618    .data               stm324xg_eval_sdio_sd.o
    0x20005368   0x0000000a   Data   RW         1640    .data               io.o
    0x20005372   0x00000002   PAD
    0x20005374   0x00000030   Data   RW         1658    .data               pwm.o
    0x200053a4   0x00000004   PAD
    0x200053a8   0x00000a40   Data   RW         1696    .data               can_database.o
    0x20005de8   0x00000010   Data   RW         1719    .data               command.o
    0x20005df8   0x00000058   Data   RW         1737    .data               fan.o
    0x20005e50   0x00000078   Data   RW         1797    .data               sd_save.o
    0x20005ec8   0x000000c8   Data   RW         1824    .data               tim.o
    0x20005f90   0x00000040   Data   RW         1894    .data               fxh_misc.o
    0x20005fd0   0x000000ac   Data   RW         1918    .data               laser1.o
    0x2000607c   0x00000004   PAD
    0x20006080   0x0000000c   Data   RW         1938    .data               lightboard1.o
    0x2000608c   0x00000004   PAD
    0x20006090   0x00000120   Data   RW         1961    .data               pid1.o
    0x200061b0   0x00000028   Data   RW         1985    .data               sonic1.o
    0x200061d8   0x00000008   Data   RW         2005    .data               t_test.o
    0x200061e0   0x00000008   Data   RW         2028    .data               hook.o
    0x200061e8   0x00000014   Data   RW         2049    .data               system_stm32f4xx.o
    0x200061fc   0x00000010   Data   RW         2430    .data               stm32f4xx_rcc.o
    0x2000620c   0x00000004   Data   RW         2575    .data               clock.o
    0x20006210   0x00000008   Data   RW         2603    .data               idle.o
    0x20006218   0x00000001   Data   RW         2637    .data               irq.o
    0x20006219   0x00000003   PAD
    0x2000621c   0x00000008   Data   RW         2654    .data               kservice.o
    0x20006224   0x00000020   Data   RW         2670    .data               mem.o
    0x20006244   0x00000008   Data   RW         2690    .data               mempool.o
    0x2000624c   0x000000a4   Data   RW         2713    .data               object.o
    0x200062f0   0x0000001c   Data   RW         2733    .data               scheduler.o
    0x2000630c   0x00000010   Data   RW         2774    .data               timer.o
    0x2000631c   0x00000010   Data   RW         2792    .data               cpuport.o
    0x2000632c   0x00000001   Data   RW         2845    .data               diskio.o
    0x2000632d   0x00000003   PAD
    0x20006330   0x00000006   Data   RW         2875    .data               ff.o
    0x20006336   0x00000002   PAD
    0x20006338   0x00000044   Data   RW         2921    .data               speed_test.o
    0x2000637c   0x00000004   Data   RW         3419    .data               mc_w.l(errno.o)
    0x20006380   0x000004b0   Zero   RW          397    .bss                mb.o
    0x20006830   0x0000204c   Zero   RW          419    .bss                mq.o
    0x2000887c   0x00000004   PAD
    0x20008880   0x00000550   Zero   RW          441    .bss                t_lcd_refresh.o
    0x20008dd0   0x00000cb0   Zero   RW          464    .bss                t_keyboard.o
    0x20009a80   0x000004b0   Zero   RW          487    .bss                t_emergency.o
    0x20009f30   0x000004b0   Zero   RW          518    .bss                t_handle.o
    0x2000a3e0   0x00001764   Zero   RW          546    .bss                t_fatfs.o
    0x2000bb44   0x00000004   PAD
    0x2000bb48   0x000004b0   Zero   RW          573    .bss                y_handle.o
    0x2000bff8   0x000004c0   Zero   RW          597    .bss                t_timer.o
    0x2000c4b8   0x00000550   Zero   RW          624    .bss                t_realspe.o
    0x2000ca08   0x00000224   Zero   RW          719    .bss                m_test.o
    0x2000cc2c   0x00000004   PAD
    0x2000cc30   0x00000018   Zero   RW          821    .bss                gyro.o
    0x2000cc48   0x00000050   Zero   RW          843    .bss                encoder.o
    0x2000cc98   0x00000018   Zero   RW          865    .bss                gps.o
    0x2000ccb0   0x00000030   Zero   RW          906    .bss                motor.o
    0x2000cce0   0x00000840   Zero   RW          929    .bss                camera.o
    0x2000d520   0x00000018   Zero   RW          996    .bss                sonic.o
    0x2000d538   0x00000020   Zero   RW         1057    .bss                goline.o
    0x2000d558   0x00000010   Zero   RW         1077    .bss                gocircle.o
    0x2000d568   0x00000098   Zero   RW         1097    .bss                keep.o
    0x2000d600   0x000004b0   Zero   RW         1262    .bss                t_auto.o
    0x2000dab0   0x000008b0   Zero   RW         1281    .bss                t_arm.o
    0x2000e360   0x00000304   Zero   RW         1323    .bss                armaction.o
    0x2000e664   0x00000004   PAD
    0x2000e668   0x00000548   Zero   RW         1347    .bss                t_catching.o
    0x2000ebb0   0x00000019   Zero   RW         1391    .bss                mystring.o
    0x2000ebc9   0x00000007   PAD
    0x2000ebd0   0x00000028   Zero   RW         1414    .bss                pid.o
    0x2000ebf8   0x000006a0   Zero   RW         1510    .bss                usart.o
    0x2000f298   0x0000010c   Zero   RW         1541    .bss                dma.o
    0x2000f3a4   0x0000003f   Zero   RW         1570    .bss                dma_rx_isr.o
    0x2000f3e3   0x00000005   PAD
    0x2000f3e8   0x000000cc   Zero   RW         1617    .bss                stm324xg_eval_sdio_sd.o
    0x2000f4b4   0x00000224   Zero   RW         1677    .bss                can.o
    0x2000f6d8   0x00002310   Zero   RW         1794    .bss                sd_save.o
    0x200119e8   0x000002a4   Zero   RW         1892    .bss                fxh_misc.o
    0x20011c8c   0x00000004   PAD
    0x20011c90   0x00003218   Zero   RW         1916    .bss                laser1.o
    0x20014ea8   0x00000224   Zero   RW         1936    .bss                lightboard1.o
    0x200150cc   0x00000004   PAD
    0x200150d0   0x00000120   Zero   RW         1959    .bss                pid1.o
    0x200151f0   0x00000cd8   Zero   RW         1983    .bss                sonic1.o
    0x20015ec8   0x000004c0   Zero   RW         2004    .bss                t_test.o
    0x20016388   0x0000012c   Zero   RW         2027    .bss                hook.o
    0x200164b4   0x00000004   PAD
    0x200164b8   0x000004b0   Zero   RW         2602    .bss                idle.o
    0x20016968   0x00000080   Zero   RW         2652    .bss                kservice.o
    0x200169e8   0x00000038   Zero   RW         2669    .bss                mem.o
    0x20016a20   0x00000100   Zero   RW         2732    .bss                scheduler.o
    0x20016b20   0x00000200   Zero   RW         2873    .bss                ff.o
    0x20016d20   0x00001568   Zero   RW         2919    .bss                speed_test.o
    0x20018288   0x00000400   Zero   RW         2069    STACK               startup_stm32f4xx.o


==============================================================================

Image component sizes


      Code (inc. data)   RO Data    RW Data    ZI Data      Debug   Object Name

       136         14          0          0          0     311171   application.o
     11640       1842          0         88        772       8323   armaction.o
       364         46          0          8          0      19763   board.o
     21236       3488        747       1922       2112      15835   camera.o
      1940        306          0          0        548       3564   can.o
       232         12          0       2624          0       8368   can_database.o
       180         18     175304          0          0       2149   cc936.o
       100          6          0          4          0       1544   clock.o
      3304        292          0         16          0       8724   command.o
       272         24          0          0          0        772   context_rvds.o
       380        182          0         16          0       3575   cpuport.o
       684         60          0          0          0       4477   device.o
       404         24          0          1          0      10476   diskio.o
       840         36         40        232        268       5734   dma.o
       440         24          0          0         63       2774   dma_rx_isr.o
      1020         54          0          0          0       1055   easyline.o
      2116        468          0          0         80       2097   encoder.o
      4068        308          0         88          0       3868   fan.o
     12270        136         58          6        512      34061   ff.o
      6560        970         37         64        676       7187   fxh_misc.o
       736        122          0         16         16       1358   gocircle.o
      2176        178          0         88         32       2049   goline.o
      2504        292          0         53          0       3269   goroute.o
       120         20          0          0         24        899   gps.o
      1352        544          0          0         24       1356   gyro.o
       200         32          0          8        300       1669   hook.o
       268         32          0          8       1200       3071   idle.o
       408         14          0         10          0       3010   io.o
      3708         36          0          0          0      16235   ipc.o
        64          6          0          1          0       1342   irq.o
      9804       1470          0        129        152       8518   keep.o
      2480        170        290          8        128      10932   kservice.o
      4924        804          6        172      12824       4333   laser1.o
      3272        222          0          0          0       5846   lcd_keyboard.o
      1984        412         90          8          0       2573   lightboard.o
      2420        472         10         12        548       2124   lightboard1.o
      2028        552          0         45          0       3020   liwenlin.o
      2712         66          0      14434          0       2749   m_cock.o
       264         24          0          0          0       1778   m_func.o
         0          0        455       1444          0        924   m_list.o
      2640        626        536        716          0       3823   m_route.o
      3728        962          0         16          0       3551   m_sys.o
      2652        820          0          0        548       2769   m_test.o
       496        280          0          0       1200       2500   mb.o
      1184        118          0         32         56       4338   mem.o
       708         10          0          8          0       4558   mempool.o
       492         72          0          0          0       2045   misc.o
      1676        460          0          8         48       3740   motor.o
        76         36          0          0       8268        997   mq.o
      5520        110          0          0          0       6646   mymath.o
       316         10          0          0         25       2059   mystring.o
       468         30          0        164          0       5296   object.o
      5992        290          0       1640         40       6216   pid.o
       928         82          0        288        288       2307   pid1.o
      2964        340          0         12          0       1754   pointpath.o
         0          0     216000          0          0     286201   pointroute.o
      1164        106          0         48          0       3701   pwm.o
      1024         82          0          6          0       3678   relay.o
       640        118          0         28        256       4497   scheduler.o
      1880        202        345        120       8976       6623   sd_save.o
      1012         28          0          0          0      13201   serial.o
       104          8          0          0         24       1536   sonic.o
      4108        814         13         40       3288       4171   sonic1.o
      3332        510         12         68       5480       2947   speed_test.o
       264        112          0          0          0       1603   startup.o
        36          8        392          0       1024        872   startup_stm32f4xx.o
      7392        246          0         24        204      25943   stm324xg_eval_sdio_sd.o
      4376        146          0          0          0       9188   stm32f4xx_can.o
      5048        350          0          0          0       8673   stm32f4xx_dma.o
      2326        132          0          0          0       5225   stm32f4xx_gpio.o
       568         46          0         24          0       3859   stm32f4xx_it.o
      3452        262          0         16          0      12927   stm32f4xx_rcc.o
      1636        102          0          0          0       8260   stm32f4xx_sdio.o
     12948        670          0          0          0      29260   stm32f4xx_tim.o
      3756        162          0          0          0       9592   stm32f4xx_usart.o
      4184        350          0        104          0       2894   swedish.o
       524         44          0         20          0       1991   system_stm32f4xx.o
       164         38          0          0       2224       1238   t_arm.o
       240         36          0          0       1200       1344   t_auto.o
      3020        534         48          0       1352       3932   t_catching.o
       344        102          0          0       1200       1658   t_emergency.o
      2036        578         49          0       5988       3258   t_fatfs.o
      1312        156          0         25       1200       2822   t_handle.o
       688        170          0         56       3248       1884   t_keyboard.o
       188         38          0          1       1360       1430   t_lcd_refresh.o
      2704        128          0         24       1360       1761   t_realspe.o
       160         34          0          8       1216       1770   t_test.o
       716        130          0         16       1216       2743   t_timer.o
      1048         20          0          0          0       6862   thread.o
       624         34          7        200          0       3280   tim.o
      1032         30          0         16          0       6993   timer.o
      1024        130         64        120       1696       4556   usart.o
      2732        260          0         48       1200       2740   y_handle.o

    ----------------------------------------------------------------------
    217260      24940     394550      25468      74504    1080284   Object Totals
         0          0         32          0          0          0   (incl. Generated)
         4          0         15         67         40          0   (incl. Padding)

    ----------------------------------------------------------------------

      Code (inc. data)   RO Data    RW Data    ZI Data      Debug   Library Member Name

       848        110         80          0          0        188   acos.o
       880        106         80          0          0        200   asin.o
       760        108        152          0          0        344   atan.o
       480         64          0          0          0        156   atan2.o
       216         16          0          0          0        152   cos.o
       368         46         48          0          0        200   cos_i.o
        32          8          0          0          0        124   dunder.o
        32          0          0          0          0        124   fabs.o
        48          0          0          0          0        124   fpclassify.o
       248          0          0          0          0        152   poly.o
      3216        310        136          0          0        216   pow.o
         0          0          8          0          0          0   qnan.o
      1112        140        200          0          0        188   rred.o
       216         16          0          0          0        152   sin.o
       304         24         40          0          0        208   sin_i.o
       232          0          0          0          0        296   sqrt.o
        92          0          0          0          0          0   __dczerorl2.o
         0          0          0          0          0          0   entry.o
         0          0          0          0          0          0   entry10a.o
         0          0          0          0          0          0   entry11a.o
         8          4          0          0          0          0   entry2.o
         4          0          0          0          0          0   entry5.o
         0          0          0          0          0          0   entry7b.o
         0          0          0          0          0          0   entry8b.o
         8          4          0          0          0          0   entry9a.o
        12          6          0          4          0         68   errno.o
        30          0          0          0          0          0   handlers.o
        36          8          0          0          0         68   init.o
         0          0          0          0          0          0   iusefp.o
        30          0          0          0          0         68   llshl.o
        36          0          0          0          0         68   llsshr.o
        32          0          0          0          0         68   llushr.o
        36          0          0          0          0         68   memcpya.o
        36          0          0          0          0        108   memseta.o
       892         12          0          0          0        420   printf6.o
      2256         86          0          0          0        508   printfa.o
        28          0          0          0          0         76   strcmp.o
        18          0          0          0          0         68   strcpy.o
        14          0          0          0          0         68   strlen.o
        30          0          0          0          0         80   strncmp.o
        44          0          0          0          0         80   uidiv.o
        98          0          0          0          0         92   uldiv.o
        40          2          0          0          0         68   cdcmple.o
        40          2          0          0          0         68   cdrcmple.o
        56          0          0          0          0         88   d2f.o
       334          0          0          0          0        148   dadd.o
       222          0          0          0          0        100   ddiv.o
       190          0          0          0          0        176   depilogue.o
        62          0          0          0          0         80   dfixi.o
        74          0          0          0          0         80   dfixl.o
        50          0          0          0          0         76   dfixui.o
        48          0          0          0          0         68   dfixul.o
        34          0          0          0          0         76   dflti.o
        40          0          0          0          0         80   dfltl.o
        26          0          0          0          0         76   dfltui.o
        24          0          0          0          0         76   dfltul.o
       228          0          0          0          0         96   dmul.o
        46          0          0          0          0         80   dscalb.o
       162          0          0          0          0        100   dsqrt.o
        38          0          0          0          0         68   f2d.o
       108          0          0          0          0        168   fepilogue.o

    ----------------------------------------------------------------------
     14566       1072        744          4          0       6504   Library Totals
        12          0          0          0          0          0   (incl. Padding)

    ----------------------------------------------------------------------

      Code (inc. data)   RO Data    RW Data    ZI Data      Debug   Library Name

      8992        948        744          0          0       2824   m_wm.l
      3740        120          0          4          0       1908   mc_w.l
      1822          4          0          0          0       1772   mf_w.l

    ----------------------------------------------------------------------
     14566       1072        744          4          0       6504   Library Totals

    ----------------------------------------------------------------------

==============================================================================


      Code (inc. data)   RO Data    RW Data    ZI Data      Debug   

    231826      26012     395294      25472      74504    1067608   Grand Totals
    231826      26012     395294       3616      74504    1067608   ELF Image Totals (compressed)
    231826      26012     395294       3616          0          0   ROM Totals

==============================================================================

    Total RO  Size (Code + RO Data)               627120 ( 612.42kB)
    Total RW  Size (RW Data + ZI Data)             99976 (  97.63kB)
    Total ROM Size (Code + RO Data + RW Data)     630736 ( 615.95kB)

==============================================================================

